DATASET:,EXAMPLE
TIME UNIT:,minutes
FIRST TIMESTAMP:,2010-10-01 00:00:00
Time Delta,example1
0,1
60,1
60,1
60,1
60,1
60,2
60,3
60,3
60,4
60,2
60,1
60,1
